// Jest Snapshot v1, https://goo.gl/fbAQLP

exports[`CommentPanelテスト(comment) snapshot test 1`] = `
<div
  className="w-full pt-2 text-xs"
>
  <div
    className="flex flex-row w-full justify-between pb-1"
  >
    <div
      className="inline-block py-1 px-2.5 leading-none text-center whitespace-nowrap align-baseline font-bold bg-gray-200 text-gray-700 rounded-full"
    >
      test_user
    </div>
    <div
      className="text-slate-400"
    >
      2022/07/09 22:04
    </div>
  </div>
  <div
    className="ml-7 p-2 bg-green-200 text-sm balloon rounded-lg"
  >
    あいうえお
  </div>
</div>
`;
