// Jest Snapshot v1, https://goo.gl/fbAQLP

exports[`snapshot test 1`] = `
<div
  className="flex justify-center gap-2"
>
  <textarea
    className=" block w-full text-base font-normal text-gray-700 bg-white bg-clip-padding border border-solid border-gray-300 rounded py-1.5 px-3 transition ease-in-out m-0 focus:text-gray-700 focus:bg-white focus:border-blue-600 focus:outline-none"
    onChange={[Function]}
    onKeyUp={[Function]}
    placeholder="入力してください (ctrl + enter 送信)"
    value=""
  />
  <button
    className=" inline-block px-6 py-2.5 bg-blue-400 text-white font-medium text-xs leading-tight uppercase whitespace-nowrap rounded shadow-md hover:bg-blue-500 hover:shadow-lg focus:bg-blue-500 focus:shadow-lg focus:outline-none focus:ring-0 active:bg-blue-600 active:shadow-lg transition duration-150 ease-in-out"
    onClick={[Function]}
    type="button"
  >
    送信
  </button>
</div>
`;
