// Jest Snapshot v1, https://goo.gl/fbAQLP

exports[`MembersPanelテスト snapshot test 1`] = `
<div
  className="w-full h-full p-1"
>
  <div
    className="text-sm"
  >
    aaa
  </div>
  <div
    className="text-sm"
  >
    bbb
  </div>
  <div
    className="text-sm"
  >
    ccc
  </div>
</div>
`;
